{
  {
  {
  z = 3;
};
  y = 2;
  {
  w = 4;
};
};
  x = 1;
  {
  p = 5;
  {
  q = 6;
};
};
}
